------------------------------------------------------------
TimeQuest Timing Analyzer Summary
------------------------------------------------------------

Type  : Slow Model Setup 'pll_inst|altpll_component|pll|clk[1]'
Slack : -19.559
TNS   : -26898.251

Type  : Slow Model Setup 'GPIO_1[10]'
Slack : -2.488
TNS   : -50.881

Type  : Slow Model Setup 'pll_inst|altpll_component|pll|clk[0]'
Slack : -2.376
TNS   : -18.186

Type  : Slow Model Setup 'pll_inst|altpll_component|pll|clk[2]'
Slack : 17.300
TNS   : 0.000

Type  : Slow Model Setup 'CLOCK_50'
Slack : 19.261
TNS   : 0.000

Type  : Slow Model Hold 'CLOCK_50'
Slack : -1.702
TNS   : -7.174

Type  : Slow Model Hold 'pll_inst|altpll_component|pll|clk[0]'
Slack : -0.185
TNS   : -0.185

Type  : Slow Model Hold 'pll_inst|altpll_component|pll|clk[1]'
Slack : 0.391
TNS   : 0.000

Type  : Slow Model Hold 'pll_inst|altpll_component|pll|clk[2]'
Slack : 0.521
TNS   : 0.000

Type  : Slow Model Hold 'GPIO_1[10]'
Slack : 0.805
TNS   : 0.000

Type  : Slow Model Minimum Pulse Width 'GPIO_1[10]'
Slack : -1.777
TNS   : -26.777

Type  : Slow Model Minimum Pulse Width 'sram_data_read_driver'
Slack : 0.500
TNS   : 0.000

Type  : Slow Model Minimum Pulse Width 'CLOCK_50'
Slack : 9.000
TNS   : 0.000

Type  : Slow Model Minimum Pulse Width 'pll_inst|altpll_component|pll|clk[0]'
Slack : 9.000
TNS   : 0.000

Type  : Slow Model Minimum Pulse Width 'pll_inst|altpll_component|pll|clk[1]'
Slack : 19.000
TNS   : 0.000

Type  : Slow Model Minimum Pulse Width 'pll_inst|altpll_component|pll|clk[2]'
Slack : 19.000
TNS   : 0.000

Type  : Fast Model Setup 'pll_inst|altpll_component|pll|clk[1]'
Slack : -8.525
TNS   : -11774.800

Type  : Fast Model Setup 'pll_inst|altpll_component|pll|clk[0]'
Slack : -1.163
TNS   : -8.917

Type  : Fast Model Setup 'GPIO_1[10]'
Slack : -0.638
TNS   : -13.024

Type  : Fast Model Setup 'pll_inst|altpll_component|pll|clk[2]'
Slack : 19.329
TNS   : 0.000

Type  : Fast Model Setup 'CLOCK_50'
Slack : 20.143
TNS   : 0.000

Type  : Fast Model Hold 'CLOCK_50'
Slack : -1.285
TNS   : -6.029

Type  : Fast Model Hold 'pll_inst|altpll_component|pll|clk[0]'
Slack : -0.004
TNS   : -0.004

Type  : Fast Model Hold 'pll_inst|altpll_component|pll|clk[1]'
Slack : 0.215
TNS   : 0.000

Type  : Fast Model Hold 'pll_inst|altpll_component|pll|clk[2]'
Slack : 0.238
TNS   : 0.000

Type  : Fast Model Hold 'GPIO_1[10]'
Slack : 0.359
TNS   : 0.000

Type  : Fast Model Minimum Pulse Width 'GPIO_1[10]'
Slack : -1.777
TNS   : -26.777

Type  : Fast Model Minimum Pulse Width 'sram_data_read_driver'
Slack : 0.500
TNS   : 0.000

Type  : Fast Model Minimum Pulse Width 'CLOCK_50'
Slack : 9.000
TNS   : 0.000

Type  : Fast Model Minimum Pulse Width 'pll_inst|altpll_component|pll|clk[0]'
Slack : 9.000
TNS   : 0.000

Type  : Fast Model Minimum Pulse Width 'pll_inst|altpll_component|pll|clk[1]'
Slack : 19.000
TNS   : 0.000

Type  : Fast Model Minimum Pulse Width 'pll_inst|altpll_component|pll|clk[2]'
Slack : 19.000
TNS   : 0.000

------------------------------------------------------------
