------------------------------------------------------------
TimeQuest Timing Analyzer Summary
------------------------------------------------------------

Type  : Slow Model Setup 'pll_inst|altpll_component|pll|clk[0]'
Slack : 4.584
TNS   : 0.000

Type  : Slow Model Setup 'pll_inst|altpll_component|pll|clk[2]'
Slack : 9.100
TNS   : 0.000

Type  : Slow Model Setup 'pll_inst|altpll_component|pll|clk[1]'
Slack : 35.667
TNS   : 0.000

Type  : Slow Model Hold 'pll_inst|altpll_component|pll|clk[0]'
Slack : 0.391
TNS   : 0.000

Type  : Slow Model Hold 'pll_inst|altpll_component|pll|clk[1]'
Slack : 0.391
TNS   : 0.000

Type  : Slow Model Hold 'pll_inst|altpll_component|pll|clk[2]'
Slack : 0.391
TNS   : 0.000

Type  : Slow Model Minimum Pulse Width 'pll_inst|altpll_component|pll|clk[0]'
Slack : 4.000
TNS   : 0.000

Type  : Slow Model Minimum Pulse Width 'CLOCK_50'
Slack : 10.000
TNS   : 0.000

Type  : Slow Model Minimum Pulse Width 'pll_inst|altpll_component|pll|clk[1]'
Slack : 19.000
TNS   : 0.000

Type  : Slow Model Minimum Pulse Width 'pll_inst|altpll_component|pll|clk[2]'
Slack : 19.000
TNS   : 0.000

Type  : Fast Model Setup 'pll_inst|altpll_component|pll|clk[0]'
Slack : 7.355
TNS   : 0.000

Type  : Fast Model Setup 'pll_inst|altpll_component|pll|clk[2]'
Slack : 9.545
TNS   : 0.000

Type  : Fast Model Setup 'pll_inst|altpll_component|pll|clk[1]'
Slack : 37.956
TNS   : 0.000

Type  : Fast Model Hold 'pll_inst|altpll_component|pll|clk[0]'
Slack : 0.215
TNS   : 0.000

Type  : Fast Model Hold 'pll_inst|altpll_component|pll|clk[1]'
Slack : 0.215
TNS   : 0.000

Type  : Fast Model Hold 'pll_inst|altpll_component|pll|clk[2]'
Slack : 0.215
TNS   : 0.000

Type  : Fast Model Minimum Pulse Width 'pll_inst|altpll_component|pll|clk[0]'
Slack : 4.000
TNS   : 0.000

Type  : Fast Model Minimum Pulse Width 'CLOCK_50'
Slack : 10.000
TNS   : 0.000

Type  : Fast Model Minimum Pulse Width 'pll_inst|altpll_component|pll|clk[1]'
Slack : 19.000
TNS   : 0.000

Type  : Fast Model Minimum Pulse Width 'pll_inst|altpll_component|pll|clk[2]'
Slack : 19.000
TNS   : 0.000

------------------------------------------------------------
